
> next-surf@0.1.0 build
> next build

Γû▓ Next.js 16.2.2 (Turbopack)

  Creating an optimized production build ...
Γ£ô Compiled successfully in 2.9s
  Running TypeScript ...
npm : Failed to type check.
At line:1 char:1
+ npm run build > 
build_output.txt 2>&1
+ ~~~~~~~~~~~~~~~~~~~~~~~~~
~~~~~~~~~~~~
    + CategoryInfo         
     : NotSpecified: (Fai  
  led to type check.:Str   
 ing) [], RemoteExcepti    
on
    + FullyQualifiedErrorI 
   d : NativeCommandError
 

./src/app/product-self-deli
very/page.tsx:145:9
Type error: Type '{ theme: 
string; items: { question: 
string; answer: string; 
}[]; }' is not assignable 
to type 
'IntrinsicAttributes & 
FAQProps'.
  Property 'theme' does 
not exist on type 
'IntrinsicAttributes & 
FAQProps'.

  [90m143 |[0m
  [90m144 |[0m       
<[33mFAQ[0m
[31m[1m>[0m [90m145 
|[0m         
theme=[32m"grey"[0m
  [90m    |[0m         
[31m[1m^[0m
  [90m146 |[0m         
items={[
  [90m147 |[0m           
{
  [90m148 |[0m           
  question: [32m"I have 
my own delivery staff. Can 
I still use Surf?"[0m,
Next.js build worker 
exited with code: 1 and 
signal: null
